// Jest Snapshot v1, https://goo.gl/fbAQLP

exports[`Notification render null with no message 1`] = `
<Notification
  autoHideDuration={4000}
  classes={
    Object {
      "errored": "Notification-errored-3",
      "icon": "Notification-icon-7",
      "info": "Notification-info-5",
      "initial": "Notification-initial-1",
      "loading": "Notification-loading-4",
      "message": "Notification-message-8",
      "success": "Notification-success-2",
      "undefined": "Notification-undefined-6",
    }
  }
  handleClose={[MockFunction]}
  message=""
  open={false}
  type="initial"
/>
`;

exports[`Notification render null with no type 1`] = `
<Notification
  classes={
    Object {
      "errored": "Notification-errored-3",
      "icon": "Notification-icon-7",
      "info": "Notification-info-5",
      "initial": "Notification-initial-1",
      "loading": "Notification-loading-4",
      "message": "Notification-message-8",
      "success": "Notification-success-2",
      "undefined": "Notification-undefined-6",
    }
  }
  message="Message"
  type={null}
/>
`;

exports[`Notification render with correct errored props 1`] = `"<div class=\\"MuiSnackbar-root-9 MuiSnackbar-anchorOriginBottomLeft-15\\"><div class=\\"MuiTypography-root-46 MuiTypography-body1-55 MuiPaper-root-19 MuiPaper-elevation6-27 MuiSnackbarContent-root-16 Notification-errored-3\\" role=\\"alertdialog\\"><div class=\\"MuiSnackbarContent-message-17\\"><span class=\\"Notification-message-8\\"><svg class=\\"MuiSvgIcon-root-82 Notification-icon-7\\" focusable=\\"false\\" viewBox=\\"0 0 24 24\\" aria-hidden=\\"true\\" role=\\"presentation\\"><path fill=\\"none\\" d=\\"M0 0h24v24H0z\\"></path><path d=\\"M12 2C6.48 2 2 6.48 2 12s4.48 10 10 10 10-4.48 10-10S17.52 2 12 2zm1 15h-2v-2h2v2zm0-4h-2V7h2v6z\\"></path></svg>errored</span></div><div class=\\"MuiSnackbarContent-action-18\\"><button class=\\"MuiButtonBase-root-97 MuiIconButton-root-91 MuiIconButton-colorInherit-92\\" tabindex=\\"0\\" type=\\"button\\" aria-label=\\"Close\\"><span class=\\"MuiIconButton-label-96\\"><svg class=\\"MuiSvgIcon-root-82 Notification-icon-7\\" focusable=\\"false\\" viewBox=\\"0 0 24 24\\" aria-hidden=\\"true\\" role=\\"presentation\\"><path d=\\"M19 6.41L17.59 5 12 10.59 6.41 5 5 6.41 10.59 12 5 17.59 6.41 19 12 13.41 17.59 19 19 17.59 13.41 12z\\"></path><path fill=\\"none\\" d=\\"M0 0h24v24H0z\\"></path></svg></span></button></div></div></div>"`;

exports[`Notification render with correct info props 1`] = `"<div class=\\"MuiSnackbar-root-9 MuiSnackbar-anchorOriginBottomLeft-15\\"><div class=\\"MuiTypography-root-46 MuiTypography-body1-55 MuiPaper-root-19 MuiPaper-elevation6-27 MuiSnackbarContent-root-16 Notification-info-5\\" role=\\"alertdialog\\"><div class=\\"MuiSnackbarContent-message-17\\"><span class=\\"Notification-message-8\\"><svg class=\\"MuiSvgIcon-root-82 Notification-icon-7\\" focusable=\\"false\\" viewBox=\\"0 0 24 24\\" aria-hidden=\\"true\\" role=\\"presentation\\"><path fill=\\"none\\" d=\\"M0 0h24v24H0z\\"></path><path d=\\"M12 2C6.48 2 2 6.48 2 12s4.48 10 10 10 10-4.48 10-10S17.52 2 12 2zm1 15h-2v-6h2v6zm0-8h-2V7h2v2z\\"></path></svg>info</span></div><div class=\\"MuiSnackbarContent-action-18\\"><button class=\\"MuiButtonBase-root-97 MuiIconButton-root-91 MuiIconButton-colorInherit-92\\" tabindex=\\"0\\" type=\\"button\\" aria-label=\\"Close\\"><span class=\\"MuiIconButton-label-96\\"><svg class=\\"MuiSvgIcon-root-82 Notification-icon-7\\" focusable=\\"false\\" viewBox=\\"0 0 24 24\\" aria-hidden=\\"true\\" role=\\"presentation\\"><path d=\\"M19 6.41L17.59 5 12 10.59 6.41 5 5 6.41 10.59 12 5 17.59 6.41 19 12 13.41 17.59 19 19 17.59 13.41 12z\\"></path><path fill=\\"none\\" d=\\"M0 0h24v24H0z\\"></path></svg></span></button></div></div></div>"`;

exports[`Notification render with correct initial props 1`] = `"<div class=\\"MuiSnackbar-root-9 MuiSnackbar-anchorOriginBottomLeft-15\\"><div class=\\"MuiTypography-root-46 MuiTypography-body1-55 MuiPaper-root-19 MuiPaper-elevation6-27 MuiSnackbarContent-root-16 Notification-initial-1\\" role=\\"alertdialog\\"><div class=\\"MuiSnackbarContent-message-17\\"><span class=\\"Notification-message-8\\"><svg class=\\"MuiSvgIcon-root-82 Notification-icon-7\\" focusable=\\"false\\" viewBox=\\"0 0 24 24\\" aria-hidden=\\"true\\" role=\\"presentation\\"><path d=\\"M12 2C6.48 2 2 6.48 2 12s4.48 10 10 10 10-4.48 10-10S17.52 2 12 2zm0 18c-4.42 0-8-3.58-8-8s3.58-8 8-8 8 3.58 8 8-3.58 8-8 8z\\"></path><path fill=\\"none\\" d=\\"M0 0h24v24H0z\\"></path></svg>initial</span></div><div class=\\"MuiSnackbarContent-action-18\\"><button class=\\"MuiButtonBase-root-97 MuiIconButton-root-91 MuiIconButton-colorInherit-92\\" tabindex=\\"0\\" type=\\"button\\" aria-label=\\"Close\\"><span class=\\"MuiIconButton-label-96\\"><svg class=\\"MuiSvgIcon-root-82 Notification-icon-7\\" focusable=\\"false\\" viewBox=\\"0 0 24 24\\" aria-hidden=\\"true\\" role=\\"presentation\\"><path d=\\"M19 6.41L17.59 5 12 10.59 6.41 5 5 6.41 10.59 12 5 17.59 6.41 19 12 13.41 17.59 19 19 17.59 13.41 12z\\"></path><path fill=\\"none\\" d=\\"M0 0h24v24H0z\\"></path></svg></span></button></div></div></div>"`;

exports[`Notification render with correct loading props 1`] = `"<div class=\\"MuiSnackbar-root-9 MuiSnackbar-anchorOriginBottomLeft-15\\"><div class=\\"MuiTypography-root-46 MuiTypography-body1-55 MuiPaper-root-19 MuiPaper-elevation6-27 MuiSnackbarContent-root-16 Notification-loading-4\\" role=\\"alertdialog\\"><div class=\\"MuiSnackbarContent-message-17\\"><span class=\\"Notification-message-8\\"><div class=\\"MuiCircularProgress-root-100 MuiCircularProgress-colorPrimary-103 MuiCircularProgress-indeterminate-102 Notification-icon-7\\" style=\\"width:40px;height:40px\\" role=\\"progressbar\\"><svg class=\\"MuiCircularProgress-svg-105\\" viewBox=\\"22 22 44 44\\"><circle class=\\"MuiCircularProgress-circle-106 MuiCircularProgress-circleIndeterminate-108\\" cx=\\"44\\" cy=\\"44\\" r=\\"20.2\\" fill=\\"none\\" stroke-width=\\"3.6\\"></circle></svg></div>loading</span></div><div class=\\"MuiSnackbarContent-action-18\\"><button class=\\"MuiButtonBase-root-97 MuiIconButton-root-91 MuiIconButton-colorInherit-92\\" tabindex=\\"0\\" type=\\"button\\" aria-label=\\"Close\\"><span class=\\"MuiIconButton-label-96\\"><svg class=\\"MuiSvgIcon-root-82 Notification-icon-7\\" focusable=\\"false\\" viewBox=\\"0 0 24 24\\" aria-hidden=\\"true\\" role=\\"presentation\\"><path d=\\"M19 6.41L17.59 5 12 10.59 6.41 5 5 6.41 10.59 12 5 17.59 6.41 19 12 13.41 17.59 19 19 17.59 13.41 12z\\"></path><path fill=\\"none\\" d=\\"M0 0h24v24H0z\\"></path></svg></span></button></div></div></div>"`;

exports[`Notification render with correct success props 1`] = `"<div class=\\"MuiSnackbar-root-9 MuiSnackbar-anchorOriginBottomLeft-15\\"><div class=\\"MuiTypography-root-46 MuiTypography-body1-55 MuiPaper-root-19 MuiPaper-elevation6-27 MuiSnackbarContent-root-16 Notification-success-2\\" role=\\"alertdialog\\"><div class=\\"MuiSnackbarContent-message-17\\"><span class=\\"Notification-message-8\\"><svg class=\\"MuiSvgIcon-root-82 Notification-icon-7\\" focusable=\\"false\\" viewBox=\\"0 0 24 24\\" aria-hidden=\\"true\\" role=\\"presentation\\"><path fill=\\"none\\" d=\\"M0 0h24v24H0z\\"></path><path d=\\"M12 2C6.48 2 2 6.48 2 12s4.48 10 10 10 10-4.48 10-10S17.52 2 12 2zm-2 15l-5-5 1.41-1.41L10 14.17l7.59-7.59L19 8l-9 9z\\"></path></svg>success</span></div><div class=\\"MuiSnackbarContent-action-18\\"><button class=\\"MuiButtonBase-root-97 MuiIconButton-root-91 MuiIconButton-colorInherit-92\\" tabindex=\\"0\\" type=\\"button\\" aria-label=\\"Close\\"><span class=\\"MuiIconButton-label-96\\"><svg class=\\"MuiSvgIcon-root-82 Notification-icon-7\\" focusable=\\"false\\" viewBox=\\"0 0 24 24\\" aria-hidden=\\"true\\" role=\\"presentation\\"><path d=\\"M19 6.41L17.59 5 12 10.59 6.41 5 5 6.41 10.59 12 5 17.59 6.41 19 12 13.41 17.59 19 19 17.59 13.41 12z\\"></path><path fill=\\"none\\" d=\\"M0 0h24v24H0z\\"></path></svg></span></button></div></div></div>"`;

exports[`Notification renders null with no props 1`] = `
<Notification
  classes={
    Object {
      "errored": "Notification-errored-3",
      "icon": "Notification-icon-7",
      "info": "Notification-info-5",
      "initial": "Notification-initial-1",
      "loading": "Notification-loading-4",
      "message": "Notification-message-8",
      "success": "Notification-success-2",
      "undefined": "Notification-undefined-6",
    }
  }
/>
`;
