// Jest Snapshot v1, https://goo.gl/fbAQLP

exports[`SearchBar Saving Fab save shows save button if there are books in booklist and not in modifiedbooklist 1`] = `
<button
  aria-label="Save"
  className="MuiButtonBase-root-66 MuiFab-root-119 MuiFab-primary-121"
  disabled={false}
  id="SaveIcon"
  onBlur={[Function]}
  onClick={[Function]}
  onContextMenu={[Function]}
  onFocus={[Function]}
  onKeyDown={[Function]}
  onKeyUp={[Function]}
  onMouseDown={[Function]}
  onMouseLeave={[Function]}
  onMouseUp={[Function]}
  onTouchEnd={[Function]}
  onTouchMove={[Function]}
  onTouchStart={[Function]}
  tabIndex="0"
  type="button"
>
  <span
    className="MuiFab-label-120"
  >
    <pure(SaveIcon)>
      <SaveIcon>
        <WithStyles(SvgIcon)>
          <SvgIcon
            classes={
              Object {
                "colorAction": "MuiSvgIcon-colorAction-108",
                "colorDisabled": "MuiSvgIcon-colorDisabled-110",
                "colorError": "MuiSvgIcon-colorError-109",
                "colorPrimary": "MuiSvgIcon-colorPrimary-106",
                "colorSecondary": "MuiSvgIcon-colorSecondary-107",
                "fontSizeInherit": "MuiSvgIcon-fontSizeInherit-111",
                "fontSizeLarge": "MuiSvgIcon-fontSizeLarge-113",
                "fontSizeSmall": "MuiSvgIcon-fontSizeSmall-112",
                "root": "MuiSvgIcon-root-105",
              }
            }
            color="inherit"
            component="svg"
            fontSize="default"
            viewBox="0 0 24 24"
          >
            <svg
              aria-hidden="true"
              className="MuiSvgIcon-root-105"
              focusable="false"
              role="presentation"
              viewBox="0 0 24 24"
            >
              <path
                d="M0 0h24v24H0z"
                fill="none"
              />
              <path
                d="M17 3H5c-1.11 0-2 .9-2 2v14c0 1.1.89 2 2 2h14c1.1 0 2-.9 2-2V7l-4-4zm-5 16c-1.66 0-3-1.34-3-3s1.34-3 3-3 3 1.34 3 3-1.34 3-3 3zm3-10H5V5h10v4z"
              />
            </svg>
          </SvgIcon>
        </WithStyles(SvgIcon)>
      </SaveIcon>
    </pure(SaveIcon)>
  </span>
  <NoSsr
    defer={false}
    fallback={null}
  >
    <WithStyles(TouchRipple)
      center={false}
      innerRef={[Function]}
    >
      <TouchRipple
        center={false}
        classes={
          Object {
            "child": "MuiTouchRipple-child-133",
            "childLeaving": "MuiTouchRipple-childLeaving-134",
            "childPulsate": "MuiTouchRipple-childPulsate-135",
            "ripple": "MuiTouchRipple-ripple-130",
            "ripplePulsate": "MuiTouchRipple-ripplePulsate-132",
            "rippleVisible": "MuiTouchRipple-rippleVisible-131",
            "root": "MuiTouchRipple-root-129",
          }
        }
      >
        <TransitionGroup
          childFactory={[Function]}
          className="MuiTouchRipple-root-129"
          component="span"
          enter={true}
          exit={true}
        >
          <span
            className="MuiTouchRipple-root-129"
          />
        </TransitionGroup>
      </TouchRipple>
    </WithStyles(TouchRipple)>
  </NoSsr>
</button>
`;

exports[`SearchBar Saving Fab save shows save button if there are no books in booklist but in modifiedBooklist 1`] = `
<button
  aria-label="Save"
  className="MuiButtonBase-root-66 MuiFab-root-119 MuiFab-primary-121"
  disabled={false}
  id="SaveIcon"
  onBlur={[Function]}
  onClick={[Function]}
  onContextMenu={[Function]}
  onFocus={[Function]}
  onKeyDown={[Function]}
  onKeyUp={[Function]}
  onMouseDown={[Function]}
  onMouseLeave={[Function]}
  onMouseUp={[Function]}
  onTouchEnd={[Function]}
  onTouchMove={[Function]}
  onTouchStart={[Function]}
  tabIndex="0"
  type="button"
>
  <span
    className="MuiFab-label-120"
  >
    <pure(SaveIcon)>
      <SaveIcon>
        <WithStyles(SvgIcon)>
          <SvgIcon
            classes={
              Object {
                "colorAction": "MuiSvgIcon-colorAction-108",
                "colorDisabled": "MuiSvgIcon-colorDisabled-110",
                "colorError": "MuiSvgIcon-colorError-109",
                "colorPrimary": "MuiSvgIcon-colorPrimary-106",
                "colorSecondary": "MuiSvgIcon-colorSecondary-107",
                "fontSizeInherit": "MuiSvgIcon-fontSizeInherit-111",
                "fontSizeLarge": "MuiSvgIcon-fontSizeLarge-113",
                "fontSizeSmall": "MuiSvgIcon-fontSizeSmall-112",
                "root": "MuiSvgIcon-root-105",
              }
            }
            color="inherit"
            component="svg"
            fontSize="default"
            viewBox="0 0 24 24"
          >
            <svg
              aria-hidden="true"
              className="MuiSvgIcon-root-105"
              focusable="false"
              role="presentation"
              viewBox="0 0 24 24"
            >
              <path
                d="M0 0h24v24H0z"
                fill="none"
              />
              <path
                d="M17 3H5c-1.11 0-2 .9-2 2v14c0 1.1.89 2 2 2h14c1.1 0 2-.9 2-2V7l-4-4zm-5 16c-1.66 0-3-1.34-3-3s1.34-3 3-3 3 1.34 3 3-1.34 3-3 3zm3-10H5V5h10v4z"
              />
            </svg>
          </SvgIcon>
        </WithStyles(SvgIcon)>
      </SaveIcon>
    </pure(SaveIcon)>
  </span>
  <NoSsr
    defer={false}
    fallback={null}
  >
    <WithStyles(TouchRipple)
      center={false}
      innerRef={[Function]}
    >
      <TouchRipple
        center={false}
        classes={
          Object {
            "child": "MuiTouchRipple-child-133",
            "childLeaving": "MuiTouchRipple-childLeaving-134",
            "childPulsate": "MuiTouchRipple-childPulsate-135",
            "ripple": "MuiTouchRipple-ripple-130",
            "ripplePulsate": "MuiTouchRipple-ripplePulsate-132",
            "rippleVisible": "MuiTouchRipple-rippleVisible-131",
            "root": "MuiTouchRipple-root-129",
          }
        }
      >
        <TransitionGroup
          childFactory={[Function]}
          className="MuiTouchRipple-root-129"
          component="span"
          enter={true}
          exit={true}
        >
          <span
            className="MuiTouchRipple-root-129"
          />
        </TransitionGroup>
      </TouchRipple>
    </WithStyles(TouchRipple)>
  </NoSsr>
</button>
`;

exports[`SearchBar renders 1`] = `
<form
  autoComplete="off"
  noValidate={true}
>
  <TextField
    id="outlined-full-width"
    margin="normal"
    multiline={true}
    onChange={[Function]}
    required={false}
    select={false}
    style={
      Object {
        "width": "700px",
      }
    }
    value=""
    variant="outlined"
  />
  <span
    data-for="searchButtonWrapper"
    data-tip={true}
    style={
      Object {
        "display": "flex",
      }
    }
  >
    <WithStyles(Button)
      color="primary"
      disabled={true}
      onClick={[Function]}
      variant="outlined"
    >
      Search
    </WithStyles(Button)>
  </span>
  <ReactTooltip
    effect="solid"
    getContent={[Function]}
    id="searchButtonWrapper"
    insecure={true}
    place="right"
    resizeHide={true}
    wrapper="div"
  />
  <WithStyles(Notification)
    autoHideDuration={3500}
    handleClose={[Function]}
    message=" already shelved with no differences"
    open={false}
  />
</form>
`;
